// Jest Snapshot v1, https://goo.gl/fbAQLP

exports[`Handle Navbar Component test Should render correctly 1`] = `
<Fragment>
  <div
    className="nav_logo"
  >
    <span
      className="nav_title"
    >
      B
    </span>
    <span
      className="nav_title"
    >
      A
    </span>
    <span
      className="nav_title"
    >
      N
    </span>
    <span
      className="nav_title"
    >
      K
    </span>
    <span
      className="nav_title nav_last_child"
    >
      A
    </span>
    <p
      className="nav_slogan"
    >
      ...first online mobile banking service
    </p>
  </div>
  <nav
    className="home_nav"
  >
    <ul
      className="home_nav_header"
    >
      <li
        className="home_nav_list"
      >
        <Link
          id="nav_link"
          to="/"
        />
      </li>
      <li
        className="home_nav_list"
      >
        <Link
          id="nav_link"
          to="#about"
        />
      </li>
      <li
        className="home_nav_list"
      >
        <Link
          id="nav_link"
          to="#contact"
        />
      </li>
      <li
        className="home_nav_list"
      />
      <li
        className="home_nav_list"
      />
    </ul>
  </nav>
</Fragment>
`;
